2026-08-02 16:29:28,237 cycle_start | sensor1=0 sensor2=0 attempt=1 max_attempts=1
2026-08-02 16:29:28,238 phase1_wait_block_start | sensor1=0 sensor2=0 timeout_sec=5.0
2026-08-02 16:29:31,512 phase1_complete | sensor1=1 sensor2=0 duration_sec=3.27
2026-08-02 16:29:33,315 motor2_extra_feed_complete | sensor1=1 sensor2=0 duration_sec=1.8
2026-08-02 16:29:33,319 phase2_wait_clear_start | sensor1=1 sensor2=0 timeout_sec=2.5
2026-08-02 16:29:35,054 phase2_complete | sensor1=0 sensor2=0 duration_sec=1.74
2026-08-02 16:29:35,058 phase3_wait_block_start | sensor1=0 sensor2=0 timeout_sec=4.0
2026-08-02 16:29:37,487 phase3_complete | sensor1=0 sensor2=1 duration_sec=2.43
2026-08-02 16:29:37,489 cycle_success | sensor1=0 sensor2=1 total_duration_sec=9.25
2026-08-02 16:29:37,491 run_complete | sensor1=0 sensor2=1 success=True
2026-08-02 16:29:50,026 cycle_start | sensor1=0 sensor2=0 attempt=1 max_attempts=1
2026-08-02 16:29:50,027 phase1_wait_block_start | sensor1=0 sensor2=0 timeout_sec=5.0
2026-08-02 16:29:52,768 phase1_complete | sensor1=1 sensor2=0 duration_sec=2.74
2026-08-02 16:29:54,570 motor2_extra_feed_complete | sensor1=1 sensor2=0 duration_sec=1.8
2026-08-02 16:29:54,574 phase2_wait_clear_start | sensor1=1 sensor2=0 timeout_sec=2.5
2026-08-02 16:29:56,665 phase2_complete | sensor1=0 sensor2=0 duration_sec=2.09
2026-08-02 16:29:56,670 phase3_wait_block_start | sensor1=0 sensor2=0 timeout_sec=4.0
2026-08-02 16:29:58,791 phase3_complete | sensor1=0 sensor2=1 duration_sec=2.12
2026-08-02 16:29:58,793 cycle_success | sensor1=0 sensor2=1 total_duration_sec=8.77
2026-08-02 16:29:58,794 run_complete | sensor1=0 sensor2=1 success=True
2026-08-02 16:30:11,644 cycle_start | sensor1=0 sensor2=0 attempt=1 max_attempts=1
2026-08-02 16:30:11,646 phase1_wait_block_start | sensor1=0 sensor2=0 timeout_sec=5.0
2026-08-02 16:30:13,929 phase1_complete | sensor1=1 sensor2=0 duration_sec=2.28
2026-08-02 16:30:15,731 motor2_extra_feed_complete | sensor1=1 sensor2=0 duration_sec=1.8
2026-08-02 16:30:15,736 phase2_wait_clear_start | sensor1=1 sensor2=0 timeout_sec=2.5
2026-08-02 16:30:18,198 phase2_complete | sensor1=0 sensor2=0 duration_sec=2.46
2026-08-02 16:30:18,202 phase3_wait_block_start | sensor1=0 sensor2=0 timeout_sec=4.0
2026-08-02 16:30:20,573 phase3_complete | sensor1=1 sensor2=1 duration_sec=2.37
2026-08-02 16:30:20,576 cycle_success | sensor1=1 sensor2=1 total_duration_sec=8.93
2026-08-02 16:30:20,577 run_complete | sensor1=0 sensor2=1 success=True
2026-08-02 16:30:35,148 cycle_start | sensor1=0 sensor2=0 attempt=1 max_attempts=1
2026-08-02 16:30:35,150 phase1_wait_block_start | sensor1=0 sensor2=0 timeout_sec=5.0
2026-08-02 16:30:38,049 phase1_complete | sensor1=1 sensor2=0 duration_sec=2.9
2026-08-02 16:30:39,850 motor2_extra_feed_complete | sensor1=1 sensor2=0 duration_sec=1.8
2026-08-02 16:30:39,855 phase2_wait_clear_start | sensor1=1 sensor2=0 timeout_sec=2.5
2026-08-02 16:30:42,361 phase2_timeout | sensor1=1 sensor2=0 duration_sec=2.51
2026-08-02 16:30:44,433 recovery_sequence_start | sensor1=0 sensor2=0
2026-08-02 16:30:46,856 cycle_start | sensor1=0 sensor2=0 attempt=1 max_attempts=1
2026-08-02 16:30:46,858 phase1_wait_block_start | sensor1=0 sensor2=0 timeout_sec=5.0
2026-08-02 16:30:48,693 phase1_complete | sensor1=1 sensor2=0 duration_sec=1.84
2026-08-02 16:30:50,496 motor2_extra_feed_complete | sensor1=1 sensor2=0 duration_sec=1.8
2026-08-02 16:30:50,498 phase2_wait_clear_start | sensor1=1 sensor2=0 timeout_sec=2.5
2026-08-02 16:30:52,208 phase2_complete | sensor1=0 sensor2=0 duration_sec=1.71
2026-08-02 16:30:52,211 phase3_wait_block_start | sensor1=0 sensor2=0 timeout_sec=4.0
2026-08-02 16:30:54,482 phase3_complete | sensor1=0 sensor2=1 duration_sec=2.27
2026-08-02 16:30:54,486 cycle_success | sensor1=0 sensor2=1 total_duration_sec=7.63
2026-08-02 16:30:54,488 run_complete | sensor1=0 sensor2=1 success=True
2026-08-02 16:31:04,529 cycle_start | sensor1=0 sensor2=0 attempt=1 max_attempts=1
2026-08-02 16:31:04,530 phase1_wait_block_start | sensor1=0 sensor2=0 timeout_sec=5.0
2026-08-02 16:31:07,655 phase1_complete | sensor1=1 sensor2=0 duration_sec=3.12
2026-08-02 16:31:09,458 motor2_extra_feed_complete | sensor1=1 sensor2=0 duration_sec=1.8
2026-08-02 16:31:09,461 phase2_wait_clear_start | sensor1=1 sensor2=0 timeout_sec=2.5
2026-08-02 16:31:10,483 phase2_complete | sensor1=0 sensor2=1 duration_sec=1.02
2026-08-02 16:31:10,486 phase3_wait_block_start | sensor1=0 sensor2=1 timeout_sec=4.0
2026-08-02 16:31:10,528 phase3_complete | sensor1=0 sensor2=1 duration_sec=0.04
2026-08-02 16:31:10,531 cycle_success | sensor1=0 sensor2=1 total_duration_sec=6.0
2026-08-02 16:31:10,533 run_complete | sensor1=0 sensor2=1 success=True
2026-08-02 16:31:20,419 cycle_start | sensor1=0 sensor2=0 attempt=1 max_attempts=1
2026-08-02 16:31:20,422 phase1_wait_block_start | sensor1=0 sensor2=0 timeout_sec=5.0
2026-08-02 16:31:22,476 phase1_complete | sensor1=1 sensor2=0 duration_sec=2.05
2026-08-02 16:31:24,277 motor2_extra_feed_complete | sensor1=1 sensor2=0 duration_sec=1.8
2026-08-02 16:31:24,282 phase2_wait_clear_start | sensor1=1 sensor2=0 timeout_sec=2.5
2026-08-02 16:31:26,786 phase2_timeout | sensor1=1 sensor2=0 duration_sec=2.5
2026-08-02 16:31:28,887 recovery_sequence_start | sensor1=0 sensor2=0
2026-08-02 16:31:31,307 cycle_start | sensor1=0 sensor2=0 attempt=1 max_attempts=1
2026-08-02 16:31:31,308 phase1_wait_block_start | sensor1=0 sensor2=0 timeout_sec=5.0
2026-08-02 16:31:32,460 phase1_complete | sensor1=1 sensor2=0 duration_sec=1.15
2026-08-02 16:31:34,263 motor2_extra_feed_complete | sensor1=1 sensor2=0 duration_sec=1.8
2026-08-02 16:31:34,268 phase2_wait_clear_start | sensor1=1 sensor2=0 timeout_sec=2.5
2026-08-02 16:31:34,842 phase2_complete | sensor1=0 sensor2=1 duration_sec=0.57
2026-08-02 16:31:34,847 phase3_wait_block_start | sensor1=0 sensor2=1 timeout_sec=4.0
2026-08-02 16:31:34,890 phase3_complete | sensor1=0 sensor2=1 duration_sec=0.04
2026-08-02 16:31:34,894 cycle_success | sensor1=0 sensor2=1 total_duration_sec=3.59
2026-08-02 16:31:34,896 run_complete | sensor1=0 sensor2=1 success=True
2026-08-02 16:31:45,561 cycle_start | sensor1=0 sensor2=0 attempt=1 max_attempts=1
2026-08-02 16:31:45,562 phase1_wait_block_start | sensor1=0 sensor2=0 timeout_sec=5.0
2026-08-02 16:31:48,275 phase1_complete | sensor1=1 sensor2=0 duration_sec=2.71
2026-08-02 16:31:50,077 motor2_extra_feed_complete | sensor1=1 sensor2=0 duration_sec=1.8
2026-08-02 16:31:50,081 phase2_wait_clear_start | sensor1=1 sensor2=0 timeout_sec=2.5
2026-08-02 16:31:51,966 phase2_complete | sensor1=0 sensor2=0 duration_sec=1.89
2026-08-02 16:31:51,969 phase3_wait_block_start | sensor1=0 sensor2=0 timeout_sec=4.0
2026-08-02 16:31:54,307 phase3_complete | sensor1=1 sensor2=1 duration_sec=2.34
2026-08-02 16:31:54,309 cycle_success | sensor1=1 sensor2=1 total_duration_sec=8.75
2026-08-02 16:31:54,310 run_complete | sensor1=1 sensor2=1 success=True
2026-08-02 16:32:06,919 cycle_start | sensor1=0 sensor2=0 attempt=1 max_attempts=1
2026-08-02 16:32:06,921 phase1_wait_block_start | sensor1=0 sensor2=0 timeout_sec=5.0
2026-08-02 16:32:09,703 phase1_complete | sensor1=1 sensor2=0 duration_sec=2.78
2026-08-02 16:32:11,506 motor2_extra_feed_complete | sensor1=1 sensor2=0 duration_sec=1.8
2026-08-02 16:32:11,509 phase2_wait_clear_start | sensor1=1 sensor2=0 timeout_sec=2.5
2026-08-02 16:32:12,090 phase2_complete | sensor1=0 sensor2=1 duration_sec=0.58
2026-08-02 16:32:12,094 phase3_wait_block_start | sensor1=0 sensor2=1 timeout_sec=4.0
2026-08-02 16:32:12,136 phase3_complete | sensor1=0 sensor2=1 duration_sec=0.04
2026-08-02 16:32:12,138 cycle_success | sensor1=0 sensor2=1 total_duration_sec=5.22
2026-08-02 16:32:12,139 run_complete | sensor1=0 sensor2=1 success=True
2026-08-02 16:32:25,643 cycle_start | sensor1=0 sensor2=0 attempt=1 max_attempts=1
2026-08-02 16:32:25,645 phase1_wait_block_start | sensor1=0 sensor2=0 timeout_sec=5.0
2026-08-02 16:32:26,794 phase1_complete | sensor1=1 sensor2=0 duration_sec=1.15
2026-08-02 16:32:28,597 motor2_extra_feed_complete | sensor1=1 sensor2=0 duration_sec=1.8
2026-08-02 16:32:28,602 phase2_wait_clear_start | sensor1=1 sensor2=0 timeout_sec=2.5
2026-08-02 16:32:28,723 phase2_complete | sensor1=0 sensor2=1 duration_sec=0.12
2026-08-02 16:32:28,730 phase3_wait_block_start | sensor1=0 sensor2=1 timeout_sec=4.0
2026-08-02 16:32:28,774 phase3_complete | sensor1=0 sensor2=1 duration_sec=0.04
2026-08-02 16:32:28,777 cycle_success | sensor1=0 sensor2=1 total_duration_sec=3.13
2026-08-02 16:32:28,778 run_complete | sensor1=0 sensor2=1 success=True
2026-08-02 16:32:38,645 cycle_start | sensor1=0 sensor2=0 attempt=1 max_attempts=1
2026-08-02 16:32:38,647 phase1_wait_block_start | sensor1=0 sensor2=0 timeout_sec=5.0
2026-08-02 16:32:41,537 phase1_complete | sensor1=1 sensor2=0 duration_sec=2.89
2026-08-02 16:32:43,339 motor2_extra_feed_complete | sensor1=1 sensor2=0 duration_sec=1.8
2026-08-02 16:32:43,344 phase2_wait_clear_start | sensor1=1 sensor2=0 timeout_sec=2.5
2026-08-02 16:32:45,261 phase2_complete | sensor1=0 sensor2=0 duration_sec=1.92
2026-08-02 16:32:45,265 phase3_wait_block_start | sensor1=0 sensor2=0 timeout_sec=4.0
2026-08-02 16:32:47,729 phase3_complete | sensor1=0 sensor2=1 duration_sec=2.47
2026-08-02 16:32:47,735 cycle_success | sensor1=0 sensor2=1 total_duration_sec=9.09
2026-08-02 16:32:47,737 run_complete | sensor1=0 sensor2=1 success=True
